
======================================================================
COHORT ALIGNMENT TEST - DEFAULT PARAMETERS
Selected elements: [0, 1, 6, 7, 8, 9, 14, 15, 16, 17, 22, 23]
Default params: {'max_correspondence_distance': 15.0, 'trim_percentage': 0.1, 'res': 10, 'max_iterations': 200}
======================================================================

[1/2] Processing VL00009...
INFO: Mesh has 2D elements with basis ['H3', 'H3']
Selected 12/24 elements -> 8748 points
  Point-to-Point: RMSE=12.89mm (full), 12.97mm (selected)
  Surface-to-Point: RMSE=13.01mm (full), 13.01mm (selected)
[2/2] Processing VL00022...
INFO: Mesh has 2D elements with basis ['H3', 'H3']
Selected 12/24 elements -> 8748 points
  Point-to-Point: RMSE=11.96mm (full), 13.56mm (selected)
  Surface-to-Point: RMSE=14.40mm (full), 16.23mm (selected)

======================================================================
ANALYSIS SUMMARY
======================================================================

--- Point-to-Point Alignment ---
Total successful: 2

Cohort Statistics (Full Mesh):
  RMSE: 12.43 ┬+/- 0.66 mm
  Mean: 8.78 ┬+/- 1.09 mm
  Range: 11.96 - 12.89 mm

Cohort Statistics (Selected Mesh):
  RMSE: 13.27 ┬+/- 0.41 mm
  Mean: 8.52 ┬+/- 0.10 mm

Optimal Parameters (Point-to-Point):
  max_correspondence_distance: 15.0
  trim_percentage: 0.1
  ΓåÆ Full RMSE: 12.43 ┬+/- 0.66 mm

--- Surface-to-Point Alignment ---
Total successful: 2

Cohort Statistics (Full Mesh):
  RMSE: 13.70 ┬+/- 0.99 mm
  Mean: 9.61 ┬+/- 0.03 mm
  Range: 13.01 - 14.40 mm

Cohort Statistics (Selected Mesh):
  RMSE: 14.62 ┬+/- 2.28 mm
  Mean: 9.06 ┬+/- 0.64 mm

--- Per-Subject Optimal Parameters ---
  VL00009: RMSE=12.89mm, method=point_to_point, dist=15.0, trim=0.1
  VL00022: RMSE=11.96mm, method=point_to_point, dist=15.0, trim=0.1

======================================================================
Results saved to: ..\output\alignment_test_results_20260224_104302.xlsx
======================================================================
